Checking out license 'RTL_Compiler_Ultra'... (0 seconds elapsed)
Reading GUI preferences file '/home/buet/.cadence/rc.gui'.
Finished loading tool scripts (6 seconds elapsed)

                       Cadence Encounter(R) RTL Compiler
               Version v12.10-s012_1 (32-bit), built Jan 26 2013


Copyright notice: Copyright 1997-2012 Cadence Design Systems, Inc. All rights 
reserved worldwide. 

WARNING: This version of RC is 4959 days old.
         Visit downloads.cadence.com for the latest release of RC.


================================================================================
                  Welcome to Cadence Encounter(R) RTL Compiler

Notice: Upcoming end of support for Linux 32-bit.
Support for Linux 32-bit will be discontinued starting with the RC 13.1 release.
To ensure continued access to the forthcoming releases, RC 13.1 and up, you are
advised to start the transitioning to Linux 64-bit.

Here is a quick introduction on how to access our product information.  
If you do not want this message to appear in the future, create an 
initialization file (an empty file will do) in your home directory 
called '~/.cadence/.synth_init'.

  To access the product documentation in HTML and PDF, type 'cdnshelp'
    at the system prompt. 
  For a list of available commands, type 'help'. 
  To view a man page for a command, type 'man <commandName>'.
  To view a man page for an error message, type 'man <messageID>'.
  For a list of all possible object types, type 'get_attribute -help'.
  For a list of all available attributes by object type, type
    'get_attribute * <object_type> -help'.
  For a list of all attributes for every object type, type
    'get_attribute * * -help'
  To list only writable attributes, substitute 'get_attribute' with
    'set_attribute'.
  To get a template script to run RTL Compiler, use the 'write_template'
    command.
  To get a template script to run Conformal based on the current RTL
    Compiler session, use the 'write_do_lec' command.
  
  Obsolete attributes in the current tool version.
  To learn more, type 'get_attribute -help <attribute> <object>'.

            object  attribute
            ------  ---------
       cpf_command  synthesize_complex_expressions
    cpf_command_id  current_set_instance_macro
    cpf_command_id  current_set_instance_module
    cpf_command_id  done_in_apply_cpf
    cpf_command_id  done_in_write_cpf
    cpf_command_id  macro_definition_command
    cpf_command_id  rc_command
            design  dp_perform_rewriting_operations
            design  lp_map_to_srpg_cells
            design  lp_optimize_dynamic_power_first
            design  lp_srpg_pg_driver
            design  ovf_current_verification_directory
          instance  black_box
          instance  dft_inherited_dont_scan
          instance  lp_map_to_srpg_cells
          instance  lp_map_to_srpg_type
          instance  lp_srpg_pg_driver
           libcell  black_box
           libcell  location
               net  logic0_driven
               net  logic1_driven
              root  auto_ungroup_min_effort
              root  degenerate_complex_seqs
              root  disable_power_mode
              root  dp_area_mode
              root  dp_perform_csa_operations
              root  dp_perform_rewriting_operations
              root  dp_perform_sharing_operations
              root  dp_perform_speculation_operations
              root  enable_parallel_iopt
              root  exact_match_seqs_async_controls
              root  hdl_flatten_array
              root  hdl_old_reg_naming
              root  hdl_reg_naming_style_scalar
              root  hdl_reg_naming_style_vector
              root  hdl_trim_target_index
              root  ignore_unknown_embedded_commands
              root  lbr_async_clr_pre_seqs_interchangable
              root  ovf_mode
              root  ovf_verification_directory
              root  ple_parameter_source_priority
              root  pqos_virtual_buffer
              root  retime_preserve_state_points
              root  wlec_env_var
              root  wlec_flat_r2n
              root  wlec_no_exit
              root  wlec_old_lp_ec_flow
              root  wlec_save_ssion
              root  wlec_sim_lib
              root  wlec_sim_plus_lib
              root  wlec_skip_iso_check_hier_compare
              root  wlec_skip_lvl_check_hier_compare
              root  wlec_verbose
         subdesign  allow_csa_subdesign
         subdesign  allow_sharing_subdesign
         subdesign  allow_speculation_subdesign
         subdesign  auto_ungroup_ok
         subdesign  dp_perform_rewriting_operations

Send us feedback at rc_feedback@cadence.com.
================================================================================

Sourcing './syn.tcl' (Tue Aug 25 09:27:31 +0600 2026)...

  According to lef_library, there are total 9 routing layers [ V(4) / H(5) ]

  Setting attribute of root '/': 'lef_library' = /home/buet/cadence/EDI/share/FoundationFlows/EXAMPLES/PROTO/LIBS/GPDK/LIBS/GPDK045/gsclib045.lef /home/buet/cadence/EDI/share/FoundationFlows/EXAMPLES/PROTO/LIBS/GPDK/LIBS/GPDK045/lef/MEM1_256X32.lef
  Setting attribute of root '/': 'lib_search_path' = /home/buet/cadence/EDI/share/FoundationFlows/EXAMPLES/PROTO/LIBS/GPDK/LIBS/GPDK045/timing
Info    : Created nominal operating condition. [LBR-412]
        : Operating condition '_nominal_' was created for the PVT values (1.000000, 1.080000, 125.000000) in library 'slow.lib'.
        : The nominal operating condition represents either the nominal PVT values if specified in the library source, or the default PVT values (1.0, 1.0, 1.0).

  Message Summary for Library slow.lib:
  *************************************
  Found 'statetable' group in cell. [LBR-83]: 16
  Created nominal operating condition. [LBR-412]: 1
 
Info    : Created nominal operating condition. [LBR-412]
        : Operating condition '_nominal_' was created for the PVT values (1.000000, 1.080000, 125.000000) in library 'MEM1_256X32_slow.lib'.

  Message Summary for Library MEM1_256X32_slow.lib:
  *************************************************
  An unsupported construct was detected in this library. [LBR-40]: 3
  Created nominal operating condition. [LBR-412]: 1
 
Info    : Found library cells that are unusable for mapping. [LBR-415]
        : Library: 'slow.lib', Total cells: 477, Usable cells: 452, Cells unusable for mapping: 25.
	List of unusable cells: 'HOLDX1 TLATNCAX12 TLATNCAX2 TLATNCAX20 TLATNCAX6 TLATNSRX4 TLATNSRXL TLATNTSCAX16 TLATNTSCAX4 TLATNTSCAX8 ... and others.'
        : The number of unusable cells that is listed depends on the setting of the 'information_level' root attribute. If set to a value less than 6, the list is limited to 10 unusable cells. If set to a value equal to or higher than 6, all unusable cells are listed.
Info    : Found library cells that are unusable for mapping. [LBR-415]
        : Library: 'MEM1_256X32_slow.lib', Total cells: 1, Usable cells: 0, Cells unusable for mapping: 1.
	List of unusable cells: 'MEM1_256X32 .'
Info    : Found library cells that are unusable for mapping. [LBR-415]
        : Library: 'slow.lib', Total cells: 477, Usable cells: 452, Cells unusable for mapping: 25.
	List of unusable cells: 'HOLDX1 TLATNCAX12 TLATNCAX2 TLATNCAX20 TLATNCAX6 TLATNSRX4 TLATNSRXL TLATNTSCAX16 TLATNTSCAX4 TLATNTSCAX8 ... and others.'
Info    : Found library cells that are unusable for mapping. [LBR-415]
        : Library: 'MEM1_256X32_slow.lib', Total cells: 1, Usable cells: 0, Cells unusable for mapping: 1.
	List of unusable cells: 'MEM1_256X32 .'
  Libraries have 324 usable logic and 126 usable sequential lib-cells.
Info    : Found library cells that are unusable for mapping. [LBR-415]
        : Library: 'slow.lib', Total cells: 477, Usable cells: 452, Cells unusable for mapping: 25.
	List of unusable cells: 'HOLDX1 TLATNCAX12 TLATNCAX2 TLATNCAX20 TLATNCAX6 TLATNSRX4 TLATNSRXL TLATNTSCAX16 TLATNTSCAX4 TLATNTSCAX8 ... and others.'
Info    : Found library cells that are unusable for mapping. [LBR-415]
        : Library: 'MEM1_256X32_slow.lib', Total cells: 1, Usable cells: 0, Cells unusable for mapping: 1.
	List of unusable cells: 'MEM1_256X32 .'
Info    : Found library cells that are unusable for mapping. [LBR-415]
        : Library: 'physical_cells', Total cells: 10, Usable cells: 0, Cells unusable for mapping: 10.
	List of unusable cells: 'DFFNSRX4 FILL1 FILL2 FILL64 FILL8 FILL16 ANTENNA FILL4 DFFSX2 FILL32 .'
  Setting attribute of root '/': 'library' =   slow.lib  MEM1_256X32_slow.lib  
  Setting attribute of root '/': 'hdl_search_path' = /home/buet/Desktop/RISC_V_SCP/Synthesis
Info    : Elaborating Design. [ELAB-1]
        : Elaborating top-level block 'Single_Cycle_Top' from file '/home/buet/Desktop/RISC_V_SCP/Synthesis/Single_Cycle_Top.v'.
Warning : Ignored redundant case item. [CDFG-480]
        : Case item '1100011' in module 'Main_Decoder' in file '/home/buet/Desktop/RISC_V_SCP/Synthesis/Main_Decoder.v' on line 41.
        : When multiple case item expressions match the case condition, only the statements associated with the first matching item are considered.
Warning : Unreachable statements for case item. [CDFG-472]
        : Case item 5 in module 'Main_Decoder' in file '/home/buet/Desktop/RISC_V_SCP/Synthesis/Main_Decoder.v' on line 41.
Warning : Unreachable statements for case item. [CDFG-472]
        : Case item 'default' in module 'ALU_Decoder' in file '/home/buet/Desktop/RISC_V_SCP/Synthesis/ALU_decoder.v' on line 40.
Warning : Unreachable statements for case item. [CDFG-472]
        : Case item 'default' in module 'ALU_Decoder' in file '/home/buet/Desktop/RISC_V_SCP/Synthesis/ALU_decoder.v' on line 36.
Warning : Unreachable statements for case item. [CDFG-472]
        : Case item 'default' in module 'Extend' in file '/home/buet/Desktop/RISC_V_SCP/Synthesis/Extend.v' on line 32.
Warning : Input port is wider than connected signal. [CDFG-467]
        : Signal width (2) does not match width of port 'ResultSrc' (32) of instance 'Result_Mux_inst' of module 'Result_Mux' in file '/home/buet/Desktop/RISC_V_SCP/Synthesis/Core_Datapath.v' on line 98.
        : This may cause simulation mismatches between the original and synthesized designs.
Warning : Undriven module input port. [ELABUTL-127]
        : Undriven bits of port 'ResultSrc' of instance 'Result_Mux_inst' of module 'Result_Mux' in file '/home/buet/Desktop/RISC_V_SCP/Synthesis/Core_Datapath.v' on line 98, column 30.
        : Use the 'hdl_undriven_signal_value' attribute to control treatment of undriven input port during elaboration.
Info    : Done Elaborating Design. [ELAB-3]
        : Done elaborating 'Single_Cycle_Top'.
Error   : A required object parameter could not be found. [TUI-61] [parse_options]
        : An object of type 'port|pin|port_bus' named '' could not be found.
        : Check to make sure that the object exists and is of the correct type.  The 'what_is' command can be used to determine the type of an object.

Usage: set_input_delay  [-clock <clock>] [-clock_rise] [-clock_fall] [-level_sensitive] [-network_latency_included] [-source_latency_included] [-max] [-min] [-rise] [-fall] [-add_delay] [-name <string>] <float> <port|pin|port_bus>+

    [-clock <clock>]:
        the clock waveform 
    [-clock_rise]:
        rise clock edge 
    [-clock_fall]:
        fall clock edge 
    [-level_sensitive]:
        clocked obj is a latch 
    [-network_latency_included]:
        value includes clock latency 
    [-source_latency_included]:
        value includes clock latency 
    [-max]:
        maximum delays 
    [-min]:
        minimum delays 
    [-rise]:
        rise delays 
    [-fall]:
        fall delays 
    [-add_delay]:
        don't remove existing delays 
    [-name <string>]:
        a name for the external delay object 
    <float>:
        delay value 
    <port|pin|port_bus>+:
        ports to receive the external delay 
Error   : Could not interpret SDC command. [SDC-202] [read_sdc]
        : The 'read_sdc' command encountered an error while processing this command on line '50' of the SDC file '/home/buet/Desktop/RISC_V_SCP/Synthesis/Constraint/Single_Cycle_Top.sdc': set_input_delay  -clock CLK 2.000 $all_in_no_clk.
        : The 'read_sdc' command encountered a problem while trying to evaluate an SDC command. This SDC command will be added to the Tcl variable $::dc::sdc_failed_commands.
Error   : A required object parameter could not be found. [TUI-61] [parse_options]
        : An object of type 'port' named '/libraries/gpdk045bc/libcells/BUFX2' could not be found.

Usage: set_driving_cell  [-lib_cell <string>] [-cell <string>] [-library <string>] [-pin <string>] [-from_pin <string>] [-input_transition_rise <float>] [-input_transition_fall <float>] [-rise] [-fall] [-min] [-max]
           [-multiply_by <integer>] [-no_design_rule] [-dont_scale] [-clock <clock>+] [-clock_fall] <port>+

    [-lib_cell <string>]:
        the library cell 
    [-cell <string>]:
        the library cell ( = lib_cell ) 
    [-library <string>]:
        the library 
    [-pin <string>]:
        the library pin 
    [-from_pin <string>]:
        the from pin 
    [-input_transition_rise <float>]:
        input rise 
    [-input_transition_fall <float>]:
        input fall 
    [-rise]:
        rise only 
    [-fall]:
        fall only 
    [-min]:
        for minimum delay calculation 
    [-max]:
        for maximum delay calculation 
    [-multiply_by <integer>]:
        number of ganged drivers 
    [-no_design_rule]:
        don't compute drc 
    [-dont_scale]:
        don't scale delay 
    [-clock <clock>+]:
        the clock waveform 
    [-clock_fall]:
        fall clock edge 
    <port>+:
        ports 
Error   : Could not interpret SDC command. [SDC-202] [read_sdc]
        : The 'read_sdc' command encountered an error while processing this command on line '51' of the SDC file '/home/buet/Desktop/RISC_V_SCP/Synthesis/Constraint/Single_Cycle_Top.sdc': set_driving_cell -lib_cell BUFX2 -pin Z [get_lib_cells */BUFX2] $all_in_no_clk.
Statistics for commands executed by read_sdc:
 "all_inputs"              - successful      1 , failed      0 (runtime  0.00)
 "all_outputs"             - successful      2 , failed      0 (runtime  0.00)
 "all_registers"           - successful      1 , failed      0 (runtime  0.00)
 "create_clock"            - successful      1 , failed      0 (runtime  0.00)
 "current_design"          - successful      3 , failed      0 (runtime  0.00)
 "get_clocks"              - successful      3 , failed      0 (runtime  0.00)
 "get_lib_cells"           - successful      1 , failed      0 (runtime  0.00)
 "get_ports"               - successful      4 , failed      0 (runtime  0.00)
 "remove_from_collection"  - successful      1 , failed      0 (runtime  0.00)
 "set_clock_latency"       - successful      1 , failed      0 (runtime  0.00)
 "set_clock_transition"    - successful      1 , failed      0 (runtime  0.00)
 "set_clock_uncertainty"   - successful      1 , failed      0 (runtime  0.00)
 "set_driving_cell"        - successful      0 , failed      1 (runtime  0.00)
 "set_false_path"          - successful      1 , failed      0 (runtime  0.00)
 "set_input_delay"         - successful      1 , failed      1 (runtime  0.00)
 "set_load"                - successful      1 , failed      0 (runtime  0.00)
 "set_max_capacitance"     - successful      1 , failed      0 (runtime  0.00)
 "set_max_fanout"          - successful      1 , failed      0 (runtime  0.00)
 "set_max_transition"      - successful      1 , failed      0 (runtime  0.00)
 "set_operating_conditions" - successful      1 , failed      0 (runtime  0.00)
 "set_output_delay"        - successful      1 , failed      0 (runtime  0.00)
Warning : Total failed commands during read_sdc are 2
Warning : One or more commands failed when these constraints were applied. [SDC-209]
        : The 'read_sdc' command encountered a problem while processing commands.
        : You can examine the failed commands or save them to a file by querying the Tcl variable $::dc::sdc_failed_commands.
Total runtime 0
  Checking the design.

 	 Check Design Report
	 -------------------- 

  Unresolved References & Empty Modules
  ------------------------------------- 
No unresolved references in design 'Single_Cycle_Top'

No empty modules in design 'Single_Cycle_Top'

  Done Checking the design.
Info    : Found library cells that are unusable for mapping. [LBR-415]
        : Library: 'slow.lib', Total cells: 477, Usable cells: 452, Cells unusable for mapping: 25.
	List of unusable cells: 'HOLDX1 TLATNCAX12 TLATNCAX2 TLATNCAX20 TLATNCAX6 TLATNSRX4 TLATNSRXL TLATNTSCAX16 TLATNTSCAX4 TLATNTSCAX8 ... and others.'
Info    : Found library cells that are unusable for mapping. [LBR-415]
        : Library: 'MEM1_256X32_slow.lib', Total cells: 1, Usable cells: 0, Cells unusable for mapping: 1.
	List of unusable cells: 'MEM1_256X32 .'
Info    : Found library cells that are unusable for mapping. [LBR-415]
        : Library: 'physical_cells', Total cells: 10, Usable cells: 0, Cells unusable for mapping: 10.
	List of unusable cells: 'DFFNSRX4 FILL1 FILL2 FILL64 FILL8 FILL16 ANTENNA FILL4 DFFSX2 FILL32 .'
Current PLE settings:

Aspect ratio        : 1.00
Shrink factor       : 1.00
Scale of res/length : 1.00
Scale of cap/length : 1.00
Net derating factor : 1.00
Thermal factor      : 1.00
Via Resistance      : 4.42 ohm (from lef_library)
Site size           : 1.91 um (from lef [tech+cell])

                                   Capacitance  
  Layer                             / Length         Data source:
Name        Direction Utilization  (pF/micron)       lef_library
------------------------------------------------
Metal1          H         1.00        0.000412  
Metal2          V         1.00        0.000414  
Metal3          H         1.00        0.000414  
Metal4          V         1.00        0.000414  
Metal5          H         1.00        0.000414  
Metal6          V         1.00        0.000414  
Metal7          H         1.00        0.000414  
Metal8          V         1.00        0.000414  
Metal9          H         1.00        0.000414  

                                    Resistance   
  Layer                              / Length         Data source:
Name        Direction Utilization  (ohm/micron)       lef_library
-------------------------------------------------
Metal1          H         1.00         3.000000  
Metal2          V         1.00         2.428571  
Metal3          H         1.00         2.428571  
Metal4          V         1.00         2.428571  
Metal5          H         1.00         2.428571  
Metal6          V         1.00         2.428571  
Metal7          H         1.00         2.428571  
Metal8          V         1.00         2.428571  
Metal9          H         1.00         0.285714  

                                        Area     
  Layer                               / Length        Data source:
Name        Direction Utilization     (micron)        lef_library
-------------------------------------------------
Metal1          H         1.00         0.060000  
Metal2          V         1.00         0.070000  
Metal3          H         1.00         0.070000  
Metal4          V         1.00         0.070000  
Metal5          H         1.00         0.070000  
Metal6          V         1.00         0.070000  
Metal7          H         1.00         0.070000  
Metal8          V         1.00         0.070000  
Metal9          H         1.00         0.070000  

Info    : Deleting instances not driving any primary outputs. [GLO-32]
        : Deleting 1 hierarchical instance.
        : Optimizations such as constant propagation or redundancy removal could change the connections so an instance does not drive any primary outputs anymore. To see the list of deleted instances, set the 'information_level' attribute to 2 or above.
        Trying carrysave optimization (configuration 1 of 1) on module 'ALU'...
Info    : Done carrysave optimization. [RTLOPT-20]
        : There are 3 CSA groups in module 'ALU'... Accepted.
Info    : Deleting instances not driving any primary outputs. [GLO-32]
        : Deleting 2 hierarchical instances.
  Synthesis succeeded.
  The '-incremental' option can only be used with a
  mapped design.  Disabling '-incremental' option.
Current PLE settings:

Aspect ratio        : 1.00
Shrink factor       : 1.00
Scale of res/length : 1.00
Scale of cap/length : 1.00
Net derating factor : 1.00
Thermal factor      : 1.00
Via Resistance      : 4.42 ohm (from lef_library)
Site size           : 1.91 um (from lef [tech+cell])

                                   Capacitance  
  Layer                             / Length         Data source:
Name        Direction Utilization  (pF/micron)       lef_library
------------------------------------------------
Metal1          H         1.00        0.000412  
Metal2          V         1.00        0.000414  
Metal3          H         1.00        0.000414  
Metal4          V         1.00        0.000414  
Metal5          H         1.00        0.000414  
Metal6          V         1.00        0.000414  
Metal7          H         1.00        0.000414  
Metal8          V         1.00        0.000414  
Metal9          H         1.00        0.000414  

                                    Resistance   
  Layer                              / Length         Data source:
Name        Direction Utilization  (ohm/micron)       lef_library
-------------------------------------------------
Metal1          H         1.00         3.000000  
Metal2          V         1.00         2.428571  
Metal3          H         1.00         2.428571  
Metal4          V         1.00         2.428571  
Metal5          H         1.00         2.428571  
Metal6          V         1.00         2.428571  
Metal7          H         1.00         2.428571  
Metal8          V         1.00         2.428571  
Metal9          H         1.00         0.285714  

                                        Area     
  Layer                               / Length        Data source:
Name        Direction Utilization     (micron)        lef_library
-------------------------------------------------
Metal1          H         1.00         0.060000  
Metal2          V         1.00         0.070000  
Metal3          H         1.00         0.070000  
Metal4          V         1.00         0.070000  
Metal5          H         1.00         0.070000  
Metal6          V         1.00         0.070000  
Metal7          H         1.00         0.070000  
Metal8          V         1.00         0.070000  
Metal9          H         1.00         0.070000  

Mapping Single_Cycle_Top to gates.
 
Global mapping target info
==========================
Cost Group 'CLK' target slack:   231 ps
Target path end-point (Port: Single_Cycle_Top/DataAddr[31])

 
Global mapping status
=====================
                                   Group   
                                  Tot Wrst 
                           Total  Weighted 
Operation                   Area   Slacks  
-------------------------------------------------------------------------------
 global_map               123180        0 
 
Global incremental target info
==============================
Cost Group 'CLK' target slack:   154 ps
Target path end-point (Port: Single_Cycle_Top/DataAddr[26])

 
Global incremental optimization status
======================================
                                   Group   
                                  Tot Wrst 
                           Total  Weighted 
Operation                   Area   Slacks  
-------------------------------------------------------------------------------
 global_incr              121334        0 
Info    : 'Conformal LEC12.1-p100' or later builds is recommended for verification. [WDO-600]
        : The use of 'Conformal LEC12.1-p100' or later builds is recommended to get better verification results.
Generating a dofile for design 'Single_Cycle_Top' in file 'fv/Single_Cycle_Top/rtl_to_g1.do' ...
Info    : 'Conformal LEC12.1-p100' or later builds is recommended for verification. [WDO-600]
Generating a dofile for design 'Single_Cycle_Top' in file 'fv/Single_Cycle_Top/rtl_to_g1_withoutovf.do' ...
 
Incremental optimization status
===============================
                                   Group   
                                  Tot Wrst - - - - DRC Totals - - - -
                           Total  Weighted     Max       Max     Max  
Operation                   Area   Slacks     Trans      Cap   Fanout 
-------------------------------------------------------------------------------
 init_iopt                121334        0         0        0        8
 
Incremental optimization status (pre-loop)
==========================================
                                   Group   
                                  Tot Wrst - - - - DRC Totals - - - -
                           Total  Weighted     Max       Max     Max  
Operation                   Area   Slacks     Trans      Cap   Fanout 
-------------------------------------------------------------------------------
 simp_cc_inputs           121332        0         0        0        8
 hi_fo_buf                121332        0         0        0        8
 
Incremental optimization status
===============================
                                   Group   
                                  Tot Wrst - - - - DRC Totals - - - -
                           Total  Weighted     Max       Max     Max  
Operation                   Area   Slacks     Trans      Cap   Fanout 
-------------------------------------------------------------------------------
 init_delay               121332        0         0        0        8
 init_drc                 121332        0         0        0        8
 incr_max_fo              121339        0         0        0        0
 init_area                121339        0         0        0        0
 rem_buf                  121286        0         0        0        0
 rem_inv                  121259        0         0        0        0
 merge_bi                 121231        0         0        0        0
 io_phase                 121203        0         0        0        0
 gate_comp                120760        0         0        0        0
 gcomp_mog                120753        0         0        0        0
 glob_area                120387        0         0        0        0
 area_down                120257        0         0        0        0
 rem_buf                  120256        0         0        0        0
 
Incremental optimization status
===============================
                                   Group   
                                  Tot Wrst - - - - DRC Totals - - - -
                           Total  Weighted     Max       Max     Max  
Operation                   Area   Slacks     Trans      Cap   Fanout 
-------------------------------------------------------------------------------
 init_delay               120256        0         0        0        0
 init_drc                 120256        0         0        0        0
 init_area                120256        0         0        0        0
 io_phase                 120251        0         0        0        0
 gate_comp                120232        0         0        0        0
 gcomp_mog                120225        0         0        0        0
 glob_area                120206        0         0        0        0
 area_down                120198        0         0        0        0
 
Incremental optimization status
===============================
                                   Group   
                                  Tot Wrst - - - - DRC Totals - - - -
                           Total  Weighted     Max       Max     Max  
Operation                   Area   Slacks     Trans      Cap   Fanout 
-------------------------------------------------------------------------------
 init_delay               120198        0         0        0        0
 init_drc                 120198        0         0        0        0

  Done mapping Single_Cycle_Top
  Synthesis succeeded.
Warning : Possible timing problems have been detected in this design. [TIM-11]
        : The design is 'Single_Cycle_Top'.
        : Use 'report timing -lint' for more information.
Finished SDC export (command execution time mm:ss (real) = 00:00).
Warning : Default value for an option has changed in this release. [WSDF-104]
        : Default value for -setuphold has changed from split to merge_always. Specify '-setuphold split' to preserve the behavior of the previous release.
        : Specify the option explicitly.
Warning : Default value for an option has changed in this release. [WSDF-104]
        : Default value for -recrem has changed from split to merge_always. Specify '-recrem split' to preserve the behavior of the previous release.
Exporting design data for 'Single_Cycle_Top' to /home/buet/Desktop/RISC_V_SCP/Synthesis/Design_0/Syn_Output/Single_Cycle_Top_db...
** To load the database source /home/buet/Desktop/RISC_V_SCP/Synthesis/Design_0/Syn_Output/Single_Cycle_Top_db.rc_setup.tcl in an RTL Compiler session.
Finished exporting design data for 'Single_Cycle_Top' (command execution time mm:ss cpu = 00:00, real = 00:00).
.
==== Synthesis complete. Check /home/buet/Desktop/RISC_V_SCP/Synthesis/Design_0/Syn_Output/Single_Cycle_Top_timing.rpt for WNS/TNS before P&R. ====
rc:/> gui_show
Warning : Instance count threshold exceeded.  Switching to manual update mode. [GUI-12]
        : Current instance count: '3520', threshold: '2000'
        : To change the threshold set the 'gui_sv_threshold' root attribute.
  Setting attribute of root '/': 'gui_sv_update' = manual
rc:/> Info    : The schematic is in manual update mode. [GUI-10]
        : To change update mode set the 'gui_sv_update' root attribute to 'auto' or 'manual'.
Info    : The schematic is in manual update mode. [GUI-10]
Info    : The schematic is in manual update mode. [GUI-10]
Info    : The schematic is in manual update mode. [GUI-10]
Info    : The schematic is in manual update mode. [GUI-10]

*** INTERRUPTED *** [signal 1]